// Jest Snapshot v1, https://goo.gl/fbAQLP

exports[`Should render editExpensePage correctly 1`] = `
<div>
  <div
    className="page-header"
  >
    <div
      className="content-container page-header__inline"
    >
      <h1
        className="page-header__title"
      >
        Edit Expense
      </h1>
      <button
        className="button button--secondary"
        onClick={[Function]}
      >
        Remove Expense
      </button>
    </div>
  </div>
  <div
    className="content-container"
  >
    <ExpenseForm
      expense={
        Object {
          "amount": 195,
          "createdAt": 0,
          "description": "Gum",
          "id": "1",
          "note": "",
        }
      }
      onSubmit={[Function]}
    />
  </div>
</div>
`;
