// Jest Snapshot v1, https://goo.gl/fbAQLP

exports[`Should render Expense list item with expense 1`] = `
<div>
  <Link
    to="/edit/2"
  >
    <h3>
      Description: 
      Rent
    </h3>
  </Link>
  <p>
    Amount: 
    $1,095.00
  </p>
  <p>
    CreatedAt: 
    December 28th, 1969
  </p>
</div>
`;
